Command line invocation:
    /Applications/Xcode.app/Contents/Developer/usr/bin/xcodebuild -project WallDrift.xcodeproj -scheme WallDrift -configuration Debug SYMROOT=build build

Build settings from command line:
    SYMROOT = build

2026-06-07 18:27:37.046 xcodebuild[47223:1128852] [MT] IDERunDestination: Supported platforms for the buildables in the current scheme is empty.
--- xcodebuild: WARNING: Using the first of multiple matching destinations:
{ platform:macOS, arch:arm64, id:00008142-000119043CD8401C, name:My Mac }
{ platform:macOS, arch:x86_64, id:00008142-000119043CD8401C, name:My Mac }
{ platform:macOS, name:Any Mac }
ComputePackagePrebuildTargetDependencyGraph

Prepare packages

CreateBuildRequest

SendProjectDescription

CreateBuildOperation

ComputeTargetDependencyGraph
note: Building targets in dependency order
note: Target dependency graph (1 target)
    Target 'WallDrift' in project 'WallDrift' (no dependencies)

GatherProvisioningInputs

CreateBuildDescription

ExecuteExternalTool /Applications/Xcode.app/Contents/Developer/Toolchains/XcodeDefault.xctoolchain/usr/bin/clang -v -E -dM -isysroot /Applications/Xcode.app/Contents/Developer/Platforms/MacOSX.platform/Developer/SDKs/MacOSX26.5.sdk -x c -c /dev/null

ExecuteExternalTool /Applications/Xcode.app/Contents/Developer/Toolchains/XcodeDefault.xctoolchain/usr/bin/swiftc --version

ExecuteExternalTool /Applications/Xcode.app/Contents/Developer/Toolchains/XcodeDefault.xctoolchain/usr/bin/ld -version_details

Build description signature: d73cde68bbf6ea0f6d227c4f5832f843
Build description path: /Users/raj/Library/Developer/Xcode/DerivedData/WallDrift-bkjiupowdjuklademhyztbzhzosy/Build/Intermediates.noindex/XCBuildData/d73cde68bbf6ea0f6d227c4f5832f843.xcbuilddata
ClangStatCache /Applications/Xcode.app/Contents/Developer/Toolchains/XcodeDefault.xctoolchain/usr/bin/clang-stat-cache /Applications/Xcode.app/Contents/Developer/Platforms/MacOSX.platform/Developer/SDKs/MacOSX26.5.sdk /Users/raj/Library/Developer/Xcode/DerivedData/SDKStatCaches.noindex/macosx26.5-25F70-e082c4a02f00227109f4ed75e425c832.sdkstatcache
    cd /Users/raj/.gemini/antigravity/scratch/WallDrift/WallDrift.xcodeproj
    /Applications/Xcode.app/Contents/Developer/Toolchains/XcodeDefault.xctoolchain/usr/bin/clang-stat-cache /Applications/Xcode.app/Contents/Developer/Platforms/MacOSX.platform/Developer/SDKs/MacOSX26.5.sdk -o /Users/raj/Library/Developer/Xcode/DerivedData/SDKStatCaches.noindex/macosx26.5-25F70-e082c4a02f00227109f4ed75e425c832.sdkstatcache

ProcessInfoPlistFile /Users/raj/.gemini/antigravity/scratch/WallDrift/build/Debug/WallDrift.app/Contents/Info.plist /Users/raj/.gemini/antigravity/scratch/WallDrift/WallDrift/Info.plist (in target 'WallDrift' from project 'WallDrift')
    cd /Users/raj/.gemini/antigravity/scratch/WallDrift
    builtin-infoPlistUtility /Users/raj/.gemini/antigravity/scratch/WallDrift/WallDrift/Info.plist -producttype com.apple.product-type.application -genpkginfo /Users/raj/.gemini/antigravity/scratch/WallDrift/build/Debug/WallDrift.app/Contents/PkgInfo -expandbuildsettings -platform macosx -o /Users/raj/.gemini/antigravity/scratch/WallDrift/build/Debug/WallDrift.app/Contents/Info.plist

SwiftDriver WallDrift normal arm64 com.apple.xcode.tools.swift.compiler (in target 'WallDrift' from project 'WallDrift')
    cd /Users/raj/.gemini/antigravity/scratch/WallDrift
    builtin-SwiftDriver -- /Applications/Xcode.app/Contents/Developer/Toolchains/XcodeDefault.xctoolchain/usr/bin/swiftc -module-name WallDrift -Onone @/Users/raj/Library/Developer/Xcode/DerivedData/WallDrift-bkjiupowdjuklademhyztbzhzosy/Build/Intermediates.noindex/WallDrift.build/Debug/WallDrift.build/Objects-normal/arm64/WallDrift.SwiftFileList -DDEBUG -enable-bare-slash-regex -enable-experimental-feature DebugDescriptionMacro -sdk /Applications/Xcode.app/Contents/Developer/Platforms/MacOSX.platform/Developer/SDKs/MacOSX26.5.sdk -target arm64-apple-macos13.0 -g -module-cache-path /Users/raj/Library/Developer/Xcode/DerivedData/ModuleCache.noindex -Xfrontend -serialize-debugging-options -enable-testing -index-store-path /Users/raj/Library/Developer/Xcode/DerivedData/WallDrift-bkjiupowdjuklademhyztbzhzosy/Index.noindex/DataStore -Xcc -D_LIBCPP_HARDENING_MODE\=_LIBCPP_HARDENING_MODE_DEBUG -swift-version 5 -I /Users/raj/.gemini/antigravity/scratch/WallDrift/build/Debug -F /Users/raj/.gemini/antigravity/scratch/WallDrift/build/Debug -c -j10 -enable-batch-mode -incremental -Xcc -ivfsstatcache -Xcc /Users/raj/Library/Developer/Xcode/DerivedData/SDKStatCaches.noindex/macosx26.5-25F70-e082c4a02f00227109f4ed75e425c832.sdkstatcache -output-file-map /Users/raj/Library/Developer/Xcode/DerivedData/WallDrift-bkjiupowdjuklademhyztbzhzosy/Build/Intermediates.noindex/WallDrift.build/Debug/WallDrift.build/Objects-normal/arm64/WallDrift-OutputFileMap.json -use-frontend-parseable-output -save-temps -no-color-diagnostics -explicit-module-build -module-cache-path /Users/raj/Library/Developer/Xcode/DerivedData/WallDrift-bkjiupowdjuklademhyztbzhzosy/Build/Intermediates.noindex/SwiftExplicitPrecompiledModules -clang-scanner-module-cache-path /Users/raj/Library/Developer/Xcode/DerivedData/ModuleCache.noindex -sdk-module-cache-path /Users/raj/Library/Developer/Xcode/DerivedData/ModuleCache.noindex -serialize-diagnostics -emit-dependencies -emit-module -emit-module-path /Users/raj/Library/Developer/Xcode/DerivedData/WallDrift-bkjiupowdjuklademhyztbzhzosy/Build/Intermediates.noindex/WallDrift.build/Debug/WallDrift.build/Objects-normal/arm64/WallDrift.swiftmodule -validate-clang-modules-once -clang-build-session-file /Users/raj/Library/Developer/Xcode/DerivedData/ModuleCache.noindex/Session.modulevalidation -Xcc -I/Users/raj/Library/Developer/Xcode/DerivedData/WallDrift-bkjiupowdjuklademhyztbzhzosy/Build/Intermediates.noindex/WallDrift.build/Debug/WallDrift.build/swift-overrides.hmap -emit-const-values -Xfrontend -const-gather-protocols-file -Xfrontend /Users/raj/Library/Developer/Xcode/DerivedData/WallDrift-bkjiupowdjuklademhyztbzhzosy/Build/Intermediates.noindex/WallDrift.build/Debug/WallDrift.build/Objects-normal/arm64/WallDrift_const_extract_protocols.json -Xcc -iquote -Xcc /Users/raj/Library/Developer/Xcode/DerivedData/WallDrift-bkjiupowdjuklademhyztbzhzosy/Build/Intermediates.noindex/WallDrift.build/Debug/WallDrift.build/WallDrift-generated-files.hmap -Xcc -I/Users/raj/Library/Developer/Xcode/DerivedData/WallDrift-bkjiupowdjuklademhyztbzhzosy/Build/Intermediates.noindex/WallDrift.build/Debug/WallDrift.build/WallDrift-own-target-headers.hmap -Xcc -I/Users/raj/Library/Developer/Xcode/DerivedData/WallDrift-bkjiupowdjuklademhyztbzhzosy/Build/Intermediates.noindex/WallDrift.build/Debug/WallDrift.build/WallDrift-all-target-headers.hmap -Xcc -iquote -Xcc /Users/raj/Library/Developer/Xcode/DerivedData/WallDrift-bkjiupowdjuklademhyztbzhzosy/Build/Intermediates.noindex/WallDrift.build/Debug/WallDrift.build/WallDrift-project-headers.hmap -Xcc -I/Users/raj/.gemini/antigravity/scratch/WallDrift/build/Debug/include -Xcc -I/Users/raj/Library/Developer/Xcode/DerivedData/WallDrift-bkjiupowdjuklademhyztbzhzosy/Build/Intermediates.noindex/WallDrift.build/Debug/WallDrift.build/DerivedSources-normal/arm64 -Xcc -I/Users/raj/Library/Developer/Xcode/DerivedData/WallDrift-bkjiupowdjuklademhyztbzhzosy/Build/Intermediates.noindex/WallDrift.build/Debug/WallDrift.build/DerivedSources/arm64 -Xcc -I/Users/raj/Library/Developer/Xcode/DerivedData/WallDrift-bkjiupowdjuklademhyztbzhzosy/Build/Intermediates.noindex/WallDrift.build/Debug/WallDrift.build/DerivedSources -Xcc -DDEBUG\=1 -emit-objc-header -emit-objc-header-path /Users/raj/Library/Developer/Xcode/DerivedData/WallDrift-bkjiupowdjuklademhyztbzhzosy/Build/Intermediates.noindex/WallDrift.build/Debug/WallDrift.build/Objects-normal/arm64/WallDrift-Swift.h -working-directory /Users/raj/.gemini/antigravity/scratch/WallDrift -experimental-emit-module-separately -disable-cmo

SwiftEmitModule normal arm64 Emitting\ module\ for\ WallDrift (in target 'WallDrift' from project 'WallDrift')

EmitSwiftModule normal arm64 (in target 'WallDrift' from project 'WallDrift')
    cd /Users/raj/.gemini/antigravity/scratch/WallDrift
    

SwiftCompile normal arm64 Compiling\ SidebarView.swift /Users/raj/.gemini/antigravity/scratch/WallDrift/WallDrift/Views/SidebarView.swift (in target 'WallDrift' from project 'WallDrift')
SwiftCompile normal arm64 /Users/raj/.gemini/antigravity/scratch/WallDrift/WallDrift/Views/SidebarView.swift (in target 'WallDrift' from project 'WallDrift')
    cd /Users/raj/.gemini/antigravity/scratch/WallDrift
    
/Users/raj/.gemini/antigravity/scratch/WallDrift/WallDrift/Views/SidebarView.swift:15:35: error: value of type 'BrowserViewModel' has no dynamic member 'selectSubreddit' using key path from root type 'BrowserViewModel'
                        viewModel.selectSubreddit(sub)
                        ~~~~~~~~~ ^~~~~~~~~~~~~~~
/Users/raj/.gemini/antigravity/scratch/WallDrift/WallDrift/Views/SidebarView.swift:15:25: error: referencing subscript 'subscript(dynamicMember:)' requires wrapper 'ObservedObject<BrowserViewModel>.Wrapper'
                        viewModel.selectSubreddit(sub)
                        ^
                        $
/Users/raj/.gemini/antigravity/scratch/WallDrift/WallDrift/Views/SidebarView.swift:15:35: error: cannot call value of non-function type 'Binding<Subject>'
                        viewModel.selectSubreddit(sub)
                                  ^

Failed frontend command:
/Applications/Xcode.app/Contents/Developer/Toolchains/XcodeDefault.xctoolchain/usr/bin/swift-frontend -frontend -c /Users/raj/.gemini/antigravity/scratch/WallDrift/WallDrift/AppDelegate.swift /Users/raj/.gemini/antigravity/scratch/WallDrift/WallDrift/Services/AutoRotateService.swift /Users/raj/.gemini/antigravity/scratch/WallDrift/WallDrift/ViewModels/BrowserViewModel.swift /Users/raj/.gemini/antigravity/scratch/WallDrift/WallDrift/Services/ImageCacheService.swift /Users/raj/.gemini/antigravity/scratch/WallDrift/WallDrift/Views/MainBrowserView.swift /Users/raj/.gemini/antigravity/scratch/WallDrift/WallDrift/Views/MenuBarView.swift /Users/raj/.gemini/antigravity/scratch/WallDrift/WallDrift/ViewModels/MenuBarViewModel.swift /Users/raj/.gemini/antigravity/scratch/WallDrift/WallDrift/Models/RedditPost.swift /Users/raj/.gemini/antigravity/scratch/WallDrift/WallDrift/Services/RedditService.swift /Users/raj/.gemini/antigravity/scratch/WallDrift/WallDrift/Views/SettingsView.swift -primary-file /Users/raj/.gemini/antigravity/scratch/WallDrift/WallDrift/Views/SidebarView.swift /Users/raj/.gemini/antigravity/scratch/WallDrift/WallDrift/WallDriftApp.swift /Users/raj/.gemini/antigravity/scratch/WallDrift/WallDrift/Models/Wallpaper.swift /Users/raj/.gemini/antigravity/scratch/WallDrift/WallDrift/Views/WallpaperDetailView.swift /Users/raj/.gemini/antigravity/scratch/WallDrift/WallDrift/Views/WallpaperGridView.swift /Users/raj/.gemini/antigravity/scratch/WallDrift/WallDrift/Services/WallpaperService.swift -emit-dependencies-path /Users/raj/Library/Developer/Xcode/DerivedData/WallDrift-bkjiupowdjuklademhyztbzhzosy/Build/Intermediates.noindex/WallDrift.build/Debug/WallDrift.build/Objects-normal/arm64/SidebarView.d -emit-const-values-path /Users/raj/Library/Developer/Xcode/DerivedData/WallDrift-bkjiupowdjuklademhyztbzhzosy/Build/Intermediates.noindex/WallDrift.build/Debug/WallDrift.build/Objects-normal/arm64/SidebarView.swiftconstvalues -emit-reference-dependencies-path /Users/raj/Library/Developer/Xcode/DerivedData/WallDrift-bkjiupowdjuklademhyztbzhzosy/Build/Intermediates.noindex/WallDrift.build/Debug/WallDrift.build/Objects-normal/arm64/SidebarView.swiftdeps -serialize-diagnostics-path /Users/raj/Library/Developer/Xcode/DerivedData/WallDrift-bkjiupowdjuklademhyztbzhzosy/Build/Intermediates.noindex/WallDrift.build/Debug/WallDrift.build/Objects-normal/arm64/SidebarView.dia -target arm64-apple-macos13.0 -load-resolved-plugin /Applications/Xcode.app/Contents/Developer/Platforms/MacOSX.platform/Developer/usr/lib/swift/host/plugins/libFoundationMacros.dylib\#/Applications/Xcode.app/Contents/Developer/Platforms/MacOSX.platform/Developer/usr/bin/swift-plugin-server\#FoundationMacros -load-resolved-plugin /Applications/Xcode.app/Contents/Developer/Platforms/MacOSX.platform/Developer/usr/lib/swift/host/plugins/libObservationMacros.dylib\#/Applications/Xcode.app/Contents/Developer/Platforms/MacOSX.platform/Developer/usr/bin/swift-plugin-server\#ObservationMacros -load-resolved-plugin /Applications/Xcode.app/Contents/Developer/Platforms/MacOSX.platform/Developer/usr/lib/swift/host/plugins/libPreviewsMacros.dylib\#/Applications/Xcode.app/Contents/Developer/Platforms/MacOSX.platform/Developer/usr/bin/swift-plugin-server\#PreviewsMacros -load-resolved-plugin /Applications/Xcode.app/Contents/Developer/Platforms/MacOSX.platform/Developer/usr/lib/swift/host/plugins/libSwiftMacros.dylib\#/Applications/Xcode.app/Contents/Developer/Platforms/MacOSX.platform/Developer/usr/bin/swift-plugin-server\#SwiftMacros -load-resolved-plugin /Applications/Xcode.app/Contents/Developer/Platforms/MacOSX.platform/Developer/usr/lib/swift/host/plugins/libSwiftUIMacros.dylib\#/Applications/Xcode.app/Contents/Developer/Platforms/MacOSX.platform/Developer/usr/bin/swift-plugin-server\#SwiftUIMacros -disable-implicit-swift-modules -Xcc -fno-implicit-modules -Xcc -fno-implicit-module-maps -explicit-swift-module-map-file /Users/raj/Library/Developer/Xcode/DerivedData/WallDrift-bkjiupowdjuklademhyztbzhzosy/Build/Intermediates.noindex/WallDrift.build/Debug/WallDrift.build/Objects-normal/arm64/WallDrift-dependencies-1.json -debug-module-path /Users/raj/Library/Developer/Xcode/DerivedData/WallDrift-bkjiupowdjuklademhyztbzhzosy/Build/Intermediates.noindex/WallDrift.build/Debug/WallDrift.build/Objects-normal/arm64/WallDrift.swiftmodule -Xllvm -aarch64-use-tbi -enable-objc-interop -stack-check -sdk /Applications/Xcode.app/Contents/Developer/Platforms/MacOSX.platform/Developer/SDKs/MacOSX26.5.sdk -I /Users/raj/.gemini/antigravity/scratch/WallDrift/build/Debug -F /Users/raj/.gemini/antigravity/scratch/WallDrift/build/Debug -no-color-diagnostics -Xcc -fno-color-diagnostics -enable-testing -g -debug-info-format\=dwarf -dwarf-version\=4 -module-cache-path /Users/raj/Library/Developer/Xcode/DerivedData/WallDrift-bkjiupowdjuklademhyztbzhzosy/Build/Intermediates.noindex/SwiftExplicitPrecompiledModules -swift-version 5 -Onone -D DEBUG -serialize-debugging-options -const-gather-protocols-file /Users/raj/Library/Developer/Xcode/DerivedData/WallDrift-bkjiupowdjuklademhyztbzhzosy/Build/Intermediates.noindex/WallDrift.build/Debug/WallDrift.build/Objects-normal/arm64/WallDrift_const_extract_protocols.json -enable-experimental-feature DebugDescriptionMacro -enable-bare-slash-regex -empty-abi-descriptor -validate-clang-modules-once -clang-build-session-file /Users/raj/Library/Developer/Xcode/DerivedData/ModuleCache.noindex/Session.modulevalidation -Xcc -working-directory -Xcc /Users/raj/.gemini/antigravity/scratch/WallDrift -enable-anonymous-context-mangled-names -file-compilation-dir /Users/raj/.gemini/antigravity/scratch/WallDrift -Xcc -D_LIBCPP_HARDENING_MODE\=_LIBCPP_HARDENING_MODE_DEBUG -Xcc -ivfsstatcache -Xcc /Users/raj/Library/Developer/Xcode/DerivedData/SDKStatCaches.noindex/macosx26.5-25F70-e082c4a02f00227109f4ed75e425c832.sdkstatcache -Xcc -I/Users/raj/Library/Developer/Xcode/DerivedData/WallDrift-bkjiupowdjuklademhyztbzhzosy/Build/Intermediates.noindex/WallDrift.build/Debug/WallDrift.build/swift-overrides.hmap -Xcc -iquote -Xcc /Users/raj/Library/Developer/Xcode/DerivedData/WallDrift-bkjiupowdjuklademhyztbzhzosy/Build/Intermediates.noindex/WallDrift.build/Debug/WallDrift.build/WallDrift-generated-files.hmap -Xcc -I/Users/raj/Library/Developer/Xcode/DerivedData/WallDrift-bkjiupowdjuklademhyztbzhzosy/Build/Intermediates.noindex/WallDrift.build/Debug/WallDrift.build/WallDrift-own-target-headers.hmap -Xcc -I/Users/raj/Library/Developer/Xcode/DerivedData/WallDrift-bkjiupowdjuklademhyztbzhzosy/Build/Intermediates.noindex/WallDrift.build/Debug/WallDrift.build/WallDrift-all-target-headers.hmap -Xcc -iquote -Xcc /Users/raj/Library/Developer/Xcode/DerivedData/WallDrift-bkjiupowdjuklademhyztbzhzosy/Build/Intermediates.noindex/WallDrift.build/Debug/WallDrift.build/WallDrift-project-headers.hmap -Xcc -I/Users/raj/.gemini/antigravity/scratch/WallDrift/build/Debug/include -Xcc -I/Users/raj/Library/Developer/Xcode/DerivedData/WallDrift-bkjiupowdjuklademhyztbzhzosy/Build/Intermediates.noindex/WallDrift.build/Debug/WallDrift.build/DerivedSources-normal/arm64 -Xcc -I/Users/raj/Library/Developer/Xcode/DerivedData/WallDrift-bkjiupowdjuklademhyztbzhzosy/Build/Intermediates.noindex/WallDrift.build/Debug/WallDrift.build/DerivedSources/arm64 -Xcc -I/Users/raj/Library/Developer/Xcode/DerivedData/WallDrift-bkjiupowdjuklademhyztbzhzosy/Build/Intermediates.noindex/WallDrift.build/Debug/WallDrift.build/DerivedSources -Xcc -DDEBUG\=1 -no-auto-bridging-header-chaining -module-name WallDrift -frontend-parseable-output -disable-clang-spi -clang-target arm64-apple-macos26.5 -target-sdk-version 26.5 -target-sdk-name macosx26.5 -in-process-plugin-server-path /Applications/Xcode.app/Contents/Developer/Toolchains/XcodeDefault.xctoolchain/usr/lib/swift/host/libSwiftInProcPluginServer.dylib -o /Users/raj/Library/Developer/Xcode/DerivedData/WallDrift-bkjiupowdjuklademhyztbzhzosy/Build/Intermediates.noindex/WallDrift.build/Debug/WallDrift.build/Objects-normal/arm64/SidebarView.o -index-unit-output-path /WallDrift.build/Debug/WallDrift.build/Objects-normal/arm64/SidebarView.o -index-store-path /Users/raj/Library/Developer/Xcode/DerivedData/WallDrift-bkjiupowdjuklademhyztbzhzosy/Index.noindex/DataStore -index-system-modules
SwiftDriverJobDiscovery normal arm64 Emitting module for WallDrift (in target 'WallDrift' from project 'WallDrift')

SwiftDriver\ Compilation\ Requirements WallDrift normal arm64 com.apple.xcode.tools.swift.compiler (in target 'WallDrift' from project 'WallDrift')
    cd /Users/raj/.gemini/antigravity/scratch/WallDrift
    builtin-Swift-Compilation-Requirements -- /Applications/Xcode.app/Contents/Developer/Toolchains/XcodeDefault.xctoolchain/usr/bin/swiftc -module-name WallDrift -Onone @/Users/raj/Library/Developer/Xcode/DerivedData/WallDrift-bkjiupowdjuklademhyztbzhzosy/Build/Intermediates.noindex/WallDrift.build/Debug/WallDrift.build/Objects-normal/arm64/WallDrift.SwiftFileList -DDEBUG -enable-bare-slash-regex -enable-experimental-feature DebugDescriptionMacro -sdk /Applications/Xcode.app/Contents/Developer/Platforms/MacOSX.platform/Developer/SDKs/MacOSX26.5.sdk -target arm64-apple-macos13.0 -g -module-cache-path /Users/raj/Library/Developer/Xcode/DerivedData/ModuleCache.noindex -Xfrontend -serialize-debugging-options -enable-testing -index-store-path /Users/raj/Library/Developer/Xcode/DerivedData/WallDrift-bkjiupowdjuklademhyztbzhzosy/Index.noindex/DataStore -Xcc -D_LIBCPP_HARDENING_MODE\=_LIBCPP_HARDENING_MODE_DEBUG -swift-version 5 -I /Users/raj/.gemini/antigravity/scratch/WallDrift/build/Debug -F /Users/raj/.gemini/antigravity/scratch/WallDrift/build/Debug -c -j10 -enable-batch-mode -incremental -Xcc -ivfsstatcache -Xcc /Users/raj/Library/Developer/Xcode/DerivedData/SDKStatCaches.noindex/macosx26.5-25F70-e082c4a02f00227109f4ed75e425c832.sdkstatcache -output-file-map /Users/raj/Library/Developer/Xcode/DerivedData/WallDrift-bkjiupowdjuklademhyztbzhzosy/Build/Intermediates.noindex/WallDrift.build/Debug/WallDrift.build/Objects-normal/arm64/WallDrift-OutputFileMap.json -use-frontend-parseable-output -save-temps -no-color-diagnostics -explicit-module-build -module-cache-path /Users/raj/Library/Developer/Xcode/DerivedData/WallDrift-bkjiupowdjuklademhyztbzhzosy/Build/Intermediates.noindex/SwiftExplicitPrecompiledModules -clang-scanner-module-cache-path /Users/raj/Library/Developer/Xcode/DerivedData/ModuleCache.noindex -sdk-module-cache-path /Users/raj/Library/Developer/Xcode/DerivedData/ModuleCache.noindex -serialize-diagnostics -emit-dependencies -emit-module -emit-module-path /Users/raj/Library/Developer/Xcode/DerivedData/WallDrift-bkjiupowdjuklademhyztbzhzosy/Build/Intermediates.noindex/WallDrift.build/Debug/WallDrift.build/Objects-normal/arm64/WallDrift.swiftmodule -validate-clang-modules-once -clang-build-session-file /Users/raj/Library/Developer/Xcode/DerivedData/ModuleCache.noindex/Session.modulevalidation -Xcc -I/Users/raj/Library/Developer/Xcode/DerivedData/WallDrift-bkjiupowdjuklademhyztbzhzosy/Build/Intermediates.noindex/WallDrift.build/Debug/WallDrift.build/swift-overrides.hmap -emit-const-values -Xfrontend -const-gather-protocols-file -Xfrontend /Users/raj/Library/Developer/Xcode/DerivedData/WallDrift-bkjiupowdjuklademhyztbzhzosy/Build/Intermediates.noindex/WallDrift.build/Debug/WallDrift.build/Objects-normal/arm64/WallDrift_const_extract_protocols.json -Xcc -iquote -Xcc /Users/raj/Library/Developer/Xcode/DerivedData/WallDrift-bkjiupowdjuklademhyztbzhzosy/Build/Intermediates.noindex/WallDrift.build/Debug/WallDrift.build/WallDrift-generated-files.hmap -Xcc -I/Users/raj/Library/Developer/Xcode/DerivedData/WallDrift-bkjiupowdjuklademhyztbzhzosy/Build/Intermediates.noindex/WallDrift.build/Debug/WallDrift.build/WallDrift-own-target-headers.hmap -Xcc -I/Users/raj/Library/Developer/Xcode/DerivedData/WallDrift-bkjiupowdjuklademhyztbzhzosy/Build/Intermediates.noindex/WallDrift.build/Debug/WallDrift.build/WallDrift-all-target-headers.hmap -Xcc -iquote -Xcc /Users/raj/Library/Developer/Xcode/DerivedData/WallDrift-bkjiupowdjuklademhyztbzhzosy/Build/Intermediates.noindex/WallDrift.build/Debug/WallDrift.build/WallDrift-project-headers.hmap -Xcc -I/Users/raj/.gemini/antigravity/scratch/WallDrift/build/Debug/include -Xcc -I/Users/raj/Library/Developer/Xcode/DerivedData/WallDrift-bkjiupowdjuklademhyztbzhzosy/Build/Intermediates.noindex/WallDrift.build/Debug/WallDrift.build/DerivedSources-normal/arm64 -Xcc -I/Users/raj/Library/Developer/Xcode/DerivedData/WallDrift-bkjiupowdjuklademhyztbzhzosy/Build/Intermediates.noindex/WallDrift.build/Debug/WallDrift.build/DerivedSources/arm64 -Xcc -I/Users/raj/Library/Developer/Xcode/DerivedData/WallDrift-bkjiupowdjuklademhyztbzhzosy/Build/Intermediates.noindex/WallDrift.build/Debug/WallDrift.build/DerivedSources -Xcc -DDEBUG\=1 -emit-objc-header -emit-objc-header-path /Users/raj/Library/Developer/Xcode/DerivedData/WallDrift-bkjiupowdjuklademhyztbzhzosy/Build/Intermediates.noindex/WallDrift.build/Debug/WallDrift.build/Objects-normal/arm64/WallDrift-Swift.h -working-directory /Users/raj/.gemini/antigravity/scratch/WallDrift -experimental-emit-module-separately -disable-cmo

Copy /Users/raj/.gemini/antigravity/scratch/WallDrift/build/Debug/WallDrift.swiftmodule/arm64-apple-macos.abi.json /Users/raj/Library/Developer/Xcode/DerivedData/WallDrift-bkjiupowdjuklademhyztbzhzosy/Build/Intermediates.noindex/WallDrift.build/Debug/WallDrift.build/Objects-normal/arm64/WallDrift.abi.json (in target 'WallDrift' from project 'WallDrift')
    cd /Users/raj/.gemini/antigravity/scratch/WallDrift
    builtin-copy -exclude .DS_Store -exclude CVS -exclude .svn -exclude .git -exclude .hg -resolve-src-symlinks -rename /Users/raj/Library/Developer/Xcode/DerivedData/WallDrift-bkjiupowdjuklademhyztbzhzosy/Build/Intermediates.noindex/WallDrift.build/Debug/WallDrift.build/Objects-normal/arm64/WallDrift.abi.json /Users/raj/.gemini/antigravity/scratch/WallDrift/build/Debug/WallDrift.swiftmodule/arm64-apple-macos.abi.json

note: Disabling hardened runtime with ad-hoc codesigning. (in target 'WallDrift' from project 'WallDrift')
** BUILD FAILED **


The following build commands failed:
	SwiftCompile normal arm64 /Users/raj/.gemini/antigravity/scratch/WallDrift/WallDrift/Views/SidebarView.swift (in target 'WallDrift' from project 'WallDrift')
	SwiftCompile normal arm64 Compiling\ SidebarView.swift /Users/raj/.gemini/antigravity/scratch/WallDrift/WallDrift/Views/SidebarView.swift (in target 'WallDrift' from project 'WallDrift')
	Building project WallDrift with scheme WallDrift and configuration Debug
(3 failures)
